// Jest Snapshot v1, https://goo.gl/fbAQLP

exports[`work fine 1`] = `
Float32Array [
  1,
  4,
  9,
  16,
  25,
  36,
]
`;

exports[`work fine 2`] = `
Float32Array [
  2,
  4,
  6,
]
`;

exports[`work fine 3`] = `
Float32Array [
  0,
  4,
  6,
]
`;

exports[`work fine 4`] = `
Float32Array [
  0,
  0,
  4,
  4,
  6,
  6,
]
`;
